C:\Users\admin\Desktop\HTK_SUCCESS>npm install --legacy-peer-deps
npm warn deprecated osenv@0.1.5: This package is no longer supported.
npm warn deprecated inflight@1.0.6: This module is not supported, and leaks memory. Do not use it. Check out lru-cache if you want a good and tested way to coalesce async requests by a key value, which is much more comprehensive and powerful.
npm warn deprecated @npmcli/move-file@1.1.2: This functionality has been moved to @npmcli/fs
npm warn deprecated @babel/plugin-proposal-optional-catch-binding@7.18.6: This proposal has been merged to the ECMAScript standard and thus this plugin is no longer maintained. Please use @babel/plugin-transform-optional-catch-binding instead.
npm warn deprecated @babel/plugin-proposal-numeric-separator@7.18.6: This proposal has been merged to the ECMAScript standard and thus this plugin is no longer maintained. Please use @babel/plugin-transform-numeric-separator instead.
npm warn deprecated @babel/plugin-proposal-nullish-coalescing-operator@7.18.6: This proposal has been merged to the ECMAScript standard and thus this plugin is no longer maintained. Please use @babel/plugin-transform-nullish-coalescing-operator instead.
npm warn deprecated @babel/plugin-proposal-class-properties@7.18.6: This proposal has been merged to the ECMAScript standard and thus this plugin is no longer maintained. Please use @babel/plugin-transform-class-properties instead.
npm warn deprecated @babel/plugin-proposal-export-namespace-from@7.18.9: This proposal has been merged to the ECMAScript standard and thus this plugin is no longer maintained. Please use @babel/plugin-transform-export-namespace-from instead.
npm warn deprecated stable@0.1.8: Modern JS already guarantees Array#sort() is a stable sort, so this library is deprecated. See the compatibility table on MDN: https://developer.mozilla.org/en-US/docs/Web/JavaScript/Reference/Global_Objects/Array/sort#browser_compatibility
npm warn deprecated rimraf@2.4.5: Rimraf versions prior to v4 are no longer supported
npm warn deprecated rimraf@2.7.1: Rimraf versions prior to v4 are no longer supported
npm warn deprecated rimraf@2.6.3: Rimraf versions prior to v4 are no longer supported
npm warn deprecated @babel/plugin-proposal-optional-chaining@7.21.0: This proposal has been merged to the ECMAScript standard and thus this plugin is no longer maintained. Please use @babel/plugin-transform-optional-chaining instead.
npm warn deprecated rimraf@3.0.2: Rimraf versions prior to v4 are no longer supported
npm warn deprecated rimraf@3.0.2: Rimraf versions prior to v4 are no longer supported
npm warn deprecated rimraf@3.0.2: Rimraf versions prior to v4 are no longer supported
npm warn deprecated rimraf@3.0.2: Rimraf versions prior to v4 are no longer supported
npm warn deprecated rimraf@3.0.2: Rimraf versions prior to v4 are no longer supported
npm warn deprecated rimraf@3.0.2: Rimraf versions prior to v4 are no longer supported
npm warn deprecated @babel/plugin-proposal-object-rest-spread@7.20.7: This proposal has been merged to the ECMAScript standard and thus this plugin is no longer maintained. Please use @babel/plugin-transform-object-rest-spread instead.
npm warn deprecated glob@6.0.4: Glob versions prior to v9 are no longer supported
npm warn deprecated abab@2.0.6: Use your platform's native atob() and btoa() methods instead
npm warn deprecated glob@7.1.6: Glob versions prior to v9 are no longer supported
npm warn deprecated @babel/plugin-proposal-async-generator-functions@7.20.7: This proposal has been merged to the ECMAScript standard and thus this plugin is no longer maintained. Please use @babel/plugin-transform-async-generator-functions instead.
npm warn deprecated sudo-prompt@9.1.1: Package no longer supported. Contact Support at https://www.npmjs.com/support for more info.
npm warn deprecated metro-react-native-babel-preset@0.76.8: Use @react-native/babel-preset instead
npm warn deprecated @xmldom/xmldom@0.7.13: this version is no longer supported, please update to at least 0.8.*
npm warn deprecated uuid@3.4.0: Please upgrade  to version 7 or higher.  Older versions may use Math.random() in certain circumstances, which is known to be problematic.  See https://v8.dev/blog/math-random for details.
npm warn deprecated uglify-es@3.3.10: support for ECMAScript is superseded by `uglify-js` as of v3.13.0

added 1457 packages, and audited 1458 packages in 1m

184 packages are looking for funding
  run `npm fund` for details

14 vulnerabilities (2 low, 1 moderate, 11 high)

To address all issues (including breaking changes), run:
  npm audit fix --force

Run `npm audit` for details.

C:\Users\admin\Desktop\HTK_SUCCESS>npm run dev
npm error Missing script: "dev"
npm error
npm error To see a list of scripts, run:
npm error   npm run
npm error A complete log of this run can be found in: C:\Users\admin\AppData\Local\npm-cache\_logs\2025-12-10T13_19_32_650Z-debug-0.log

C:\Users\admin\Desktop\HTK_SUCCESS>npm run web

> htk-app@1.0.0 web
> expo start --web

Starting project at C:\Users\admin\Desktop\HTK_SUCCESS
Starting Metro Bundler
Starting Webpack on port 19006 in development mode.
(node:23156) [DEP_WEBPACK_DEV_SERVER_CONSTRUCTOR] DeprecationWarning: Using 'compiler' as the first argument is deprecated. Please use 'options' as the first argument and 'compiler' as the second argument.
(Use `node --trace-deprecation ...` to show where the warning was created)
(node:23156) [DEP_WEBPACK_DEV_SERVER_LISTEN] DeprecationWarning: 'listen' is deprecated. Please use the async 'start' or 'startCallback' method.
Some dependencies are incompatible with the installed expo version:
  expo-status-bar@1.8.0 - expected version: ~1.6.0
  react-native@0.72.6 - expected version: 0.72.10
Your project may not work correctly until you install the correct versions of the packages.
Fix with: npx expo install --fix
▄▄▄▄▄▄▄▄▄▄▄▄▄▄▄▄▄▄▄▄▄▄▄▄▄▄▄
█ ▄▄▄▄▄ █ ██▀▀█▀▄██ ▄▄▄▄▄ █
█ █   █ █  ▀█ ▀█ ██ █   █ █
█ █▄▄▄█ █▀  █▄▀▀▄██ █▄▄▄█ █
█▄▄▄▄▄▄▄█▄█ ▀▄█▄█▄█▄▄▄▄▄▄▄█
█ ▄██  ▄▀▀█▄█▄▀▄ ███ ▀▄▄ ▄█
█▄▀▄▄█▀▄ █ ▄█▀██ ▀▀ █▄  ▀██
█ ▄ ▄▄ ▄█▀▀▀▄▀█▄▀▄▀▄▀▀▄ ▀██
███▄▄▀ ▄█▄▄▀ ▄██▄▄▄█▄▀ ▀███
█▄▄▄█▄█▄█▀█ █▄▀▄▄ ▄▄▄ ▀ ▄▄█
█ ▄▄▄▄▄ █▀▀ █▀█▀▀ █▄█ ▀▀▀▀█
█ █   █ █▄ █▄▀▄ █▄▄ ▄▄▀   █
█ █▄▄▄█ █▀ █ ▄ ▄▄██▄▀█▀▀ ██
█▄▄▄▄▄▄▄█▄▄██▄▄█████▄▄▄▄▄▄█

› Metro waiting on exp://192.168.1.4:8081
› Scan the QR code above with Expo Go (Android) or the Camera app (iOS)

› Web is waiting on http://localhost:19006

› Using Expo Go
› Press s │ switch to development build

› Press a │ open Android
› Press w │ open web

› Press j │ open debugger
› Press r │ reload app
› Press m │ toggle menu
› Press o │ open project code in your editor

› Press ? │ show all commands

Logs for your project will appear below. Press Ctrl+C to exit.
ERROR in ./App.js:13
Module not found: Can't resolve 'react-native-view-shot'
  11 |   Image
  12 | } from 'react-native';
> 13 | import { captureRef } from 'react-native-view-shot';
  14 | import * as Sharing from 'expo-sharing';
  15 | import * as FileSystem from 'expo-file-system';
  16 |

ERROR in ./App.js:14
Module not found: Can't resolve 'expo-sharing'
  12 | } from 'react-native';
  13 | import { captureRef } from 'react-native-view-shot';
> 14 | import * as Sharing from 'expo-sharing';
  15 | import * as FileSystem from 'expo-file-system';
  16 |
  17 | // Dữ liệu sản phẩm

web compiled with 2 errors
/ Stopping server(node:23156) [DEP_WEBPACK_DEV_SERVER_CLOSE] DeprecationWarning: 'close' is deprecated. Please use the async 'stop' or 'stopCallback' method.
› Stopped server

C:\Users\admin\Desktop\HTK_SUCCESS>npx expo install react-native-view-shot
› Installing 1 SDK 49.0.0 compatible native module using npm
> npm install

added 11 packages, removed 1 package, changed 1 package, and audited 1468 packages in 8s

184 packages are looking for funding
  run `npm fund` for details

14 vulnerabilities (2 low, 1 moderate, 11 high)

To address all issues (including breaking changes), run:
  npm audit fix --force

Run `npm audit` for details.

C:\Users\admin\Desktop\HTK_SUCCESS>npx expo install expo-sharing
› Installing 1 SDK 49.0.0 compatible native module using npm
> npm install

added 1 package, and audited 1469 packages in 12s

184 packages are looking for funding
  run `npm fund` for details

14 vulnerabilities (2 low, 1 moderate, 11 high)

To address all issues (including breaking changes), run:
  npm audit fix --force

Run `npm audit` for details.

C:\Users\admin\Desktop\HTK_SUCCESS>npx expo install expo-file-system
› Installing 1 SDK 49.0.0 compatible native module using npm
> npm install

up to date, audited 1469 packages in 5s

184 packages are looking for funding
  run `npm fund` for details

14 vulnerabilities (2 low, 1 moderate, 11 high)

To address all issues (including breaking changes), run:
  npm audit fix --force

Run `npm audit` for details.

C:\Users\admin\Desktop\HTK_SUCCESS>npm audit fix --force
npm warn using --force Recommended protections disabled.
npm warn audit Updating @expo/webpack-config to 18.0.0, which is a SemVer major change.
npm warn audit Updating expo to 54.0.27, which is a SemVer major change.
npm warn audit Updating react-native to 0.72.17, which is outside your stated dependency range.
npm warn deprecated rimraf@3.0.2: Rimraf versions prior to v4 are no longer supported
npm warn deprecated rimraf@3.0.2: Rimraf versions prior to v4 are no longer supported
npm warn deprecated sudo-prompt@9.2.1: Package no longer supported. Contact Support at https://www.npmjs.com/support for more info.
npm warn deprecated metro-react-native-babel-preset@0.76.9: Use @react-native/babel-preset instead

added 237 packages, removed 522 packages, changed 124 packages, and audited 1184 packages in 1m

101 packages are looking for funding
  run `npm fund` for details

# npm audit report

semver  7.0.0 - 7.5.1
Severity: high
semver vulnerable to Regular Expression Denial of Service - https://github.com/advisories/GHSA-c2qf-rxjj-qqgw
fix available via `npm audit fix --force`
Will install @expo/webpack-config@19.0.1, which is a breaking change
node_modules/@expo/config/node_modules/semver
node_modules/@expo/webpack-config/node_modules/semver
node_modules/expo-pwa/node_modules/semver
  @expo/config  3.3.23-alpha.0 - 8.1.0 || 11.0.6-canary-20250428-4156f88
  Depends on vulnerable versions of @expo/config-plugins
  Depends on vulnerable versions of semver
  node_modules/@expo/config
    @expo/webpack-config  >=0.12.53-alpha.0
    Depends on vulnerable versions of @expo/config
    Depends on vulnerable versions of expo-pwa
    Depends on vulnerable versions of semver
    node_modules/@expo/webpack-config
  @expo/image-utils  <=0.0.1-canary-20240109-93608d8 || 0.3.10-alpha.0 - 0.4.2
  Depends on vulnerable versions of semver
  node_modules/expo-pwa/node_modules/@expo/image-utils
    expo-pwa  >=0.0.59-alpha.0
    Depends on vulnerable versions of @expo/image-utils
    node_modules/expo-pwa

xml2js  <0.5.0
Severity: moderate
xml2js is vulnerable to prototype pollution - https://github.com/advisories/GHSA-776f-qx25-q3cc
fix available via `npm audit fix --force`
Will install @expo/webpack-config@19.0.1, which is a breaking change
node_modules/xml2js
  @expo/config-plugins  <=7.1.0
  Depends on vulnerable versions of xml2js
  node_modules/@expo/config-plugins

7 vulnerabilities (2 moderate, 5 high)

To address all issues (including breaking changes), run:
  npm audit fix --force

C:\Users\admin\Desktop\HTK_SUCCESS>npm run web

> htk-app@1.0.0 web
> expo start --web

Starting project at C:\Users\admin\Desktop\HTK_SUCCESS
Starting Metro Bundler
CommandError: Missing package "webpack-dev-server" in the project. Try running the command again. (cwd: C:\Users\admin\Desktop\HTK_SUCCESS)

C:\Users\admin\D
